Fetching 15 files:   0%|          | 0/15 [00:00<?, ?it/s]Fetching 15 files:  53%|█████▎    | 8/15 [00:00<00:00, 18.18it/s]Fetching 15 files: 100%|██████████| 15/15 [00:09<00:00,  1.50it/s]
/workspace/cc-research-venv/lib/python3.12/site-packages/transformers/models/auto/modeling_auto.py:2284: FutureWarning: The class `AutoModelForVision2Seq` is deprecated and will be removed in v5.0. Please use `AutoModelForImageTextToText` instead.
  warnings.warn(
The following generation flags are not valid and may be ignored: ['temperature', 'top_p', 'top_k']. Set `TRANSFORMERS_VERBOSITY=info` for more details.
8 400
16 400
24 400
32 400
40 400
48 400
56 400
64 400
72 400
80 400
88 400
96 400
104 400
112 400
120 400
128 400
136 400
144 400
152 400
160 400
168 400
176 400
184 400
192 400
200 400
208 400
216 400
224 400
232 400
240 400
248 400
256 400
264 400
272 400
280 400
288 400
296 400
304 400
312 400
320 400
328 400
336 400
344 400
352 400
360 400
368 400
376 400
384 400
392 400
400 400
{
  "metrics": {
    "extraction": {
      "n": 400,
      "parse_error_rate": 0.0,
      "exact": {
        "brand": {
          "tp": 222,
          "fp": 165,
          "fn": 178,
          "tn": 0,
          "f1": 0.5641677255400254
        },
        "color": {
          "tp": 293,
          "fp": 99,
          "fn": 107,
          "tn": 0,
          "f1": 0.73989898989899
        }
      },
      "normalized_exact": {
        "brand": {
          "tp": 223,
          "fp": 164,
          "fn": 177,
          "tn": 0,
          "f1": 0.5667090216010165
        },
        "color": {
          "tp": 328,
          "fp": 64,
          "fn": 72,
          "tn": 0,
          "f1": 0.8282828282828283
        }
      },
      "joint_accuracy": 0.4675
    }
  },
  "elapsed_seconds": 33.53909975499846,
  "manifest_sha256": "03126a59959eb7f8094d5bb62dc66f2a0af0ca1b8eb0394f1b6342cf0796194b",
  "predictions_sha256": "70c0bfb76829a7990fcef6a5415f115cefe7ad35fd315eca0516184972680c17"
}
